
> sasta-room-frontend@0.0.0 build
> ng build

node.exe : - Building...
At line:1 char:1
+ & "C:\Program 
Files\nodejs/node.exe" 
"C:\Program Files\nodejs/node_mo 
...
+ ~~~~~~~~~~~~~~~~~~~~~~~~~~~~~~~~
~~~~~~~~~~~~~~~~~~~~~~~~~~~~~~~~~~
~~~
    + CategoryInfo          : Not 
   Specified: (- Building...:Str  
  ing) [], RemoteException
    + FullyQualifiedErrorId : Nat 
   iveCommandError
 

Application bundle generation failed. [11.695 seconds]

Γû▓ [WARNING] NG8109: total is a 
function and should be invoked: 
total() [plugin angular-compiler]

    src/app/features/properties/pr
operty-list/property-list.componen
t.html:6:33:
      6 Γöé         <p 
class="text-muted">{{ total }} 
properties available acro...
        Γò╡                       
           ~~~~~

  Error occurs in the template of 
component PropertyListComponent.

    src/app/features/properties/pr
operty-list/property-list.componen
t.ts:23:15:
      23 Γöé   templateUrl: 
'./property-list.component.html',
         Γò╡                
~~~~~~~~~~~~~~~~~~~~~~~~~~~~~~~~


X [ERROR] NG5002: Unexpected 
closing tag "div". It may happen 
when the tag has already been 
closed by another tag. For more 
info see https://www.w3.org/TR/htm
l5/syntax.html#closing-elements-th
at-have-implied-end-tags [plugin 
angular-compiler]

    src/app/features/home/home.com
ponent.html:80:8:
      80 Γöé         </div>
         Γò╡         ~~~~~~

  Error occurs in the template of 
component HomeComponent.

    src/app/features/home/home.com
ponent.ts:21:15:
      21 Γöé   templateUrl: 
'./home.component.html',
         Γò╡                
~~~~~~~~~~~~~~~~~~~~~~~


X [ERROR] NG5002: Unexpected 
closing tag "div". It may happen 
when the tag has already been 
closed by another tag. For more 
info see https://www.w3.org/TR/htm
l5/syntax.html#closing-elements-th
at-have-implied-end-tags [plugin 
angular-compiler]

    src/app/features/home/home.com
ponent.html:81:6:
      81 Γöé       </div>
         Γò╡       ~~~~~~

  Error occurs in the template of 
component HomeComponent.

    src/app/features/home/home.com
ponent.ts:21:15:
      21 Γöé   templateUrl: 
'./home.component.html',
         Γò╡                
~~~~~~~~~~~~~~~~~~~~~~~


X [ERROR] NG5002: Unexpected 
closing tag "section". It may 
happen when the tag has already 
been closed by another tag. For 
more info see https://www.w3.org/T
R/html5/syntax.html#closing-elemen
ts-that-have-implied-end-tags 
[plugin angular-compiler]

    src/app/features/home/home.com
ponent.html:82:4:
      82 Γöé     </section>
         Γò╡     ~~~~~~~~~~

  Error occurs in the template of 
component HomeComponent.

    src/app/features/home/home.com
ponent.ts:21:15:
      21 Γöé   templateUrl: 
'./home.component.html',
         Γò╡                
~~~~~~~~~~~~~~~~~~~~~~~


