src/config/database.ts(33,29): error TS2769: No overload matches this call.
  Overload 1 of 2, '(sql: string, values?: ExecuteValues | undefined): Promise<[RowDataPacket[], FieldPacket[]]>', gave the following error.
    Argument of type 'unknown[] | undefined' is not assignable to parameter of type 'ExecuteValues | undefined'.
      Type 'unknown[]' is not assignable to type 'ExecuteValues | undefined'.
        Type 'unknown[]' is not assignable to type 'ExecuteValues[]'.
          Type 'unknown' is not assignable to type 'ExecuteValues'.
  Overload 2 of 2, '(options: QueryOptions, values?: ExecuteValues | undefined): Promise<[RowDataPacket[], FieldPacket[]]>', gave the following error.
    Argument of type 'string' is not assignable to parameter of type 'QueryOptions'.
src/config/database.ts(45,31): error TS2769: No overload matches this call.
  Overload 1 of 2, '(sql: string, values?: ExecuteValues | undefined): Promise<[ResultSetHeader, FieldPacket[]]>', gave the following error.
    Argument of type 'unknown[] | undefined' is not assignable to parameter of type 'ExecuteValues | undefined'.
      Type 'unknown[]' is not assignable to type 'ExecuteValues | undefined'.
        Type 'unknown[]' is not assignable to type 'ExecuteValues[]'.
          Type 'unknown' is not assignable to type 'ExecuteValues'.
  Overload 2 of 2, '(options: QueryOptions, values?: ExecuteValues | undefined): Promise<[ResultSetHeader, FieldPacket[]]>', gave the following error.
    Argument of type 'string' is not assignable to parameter of type 'QueryOptions'.
